# map type: blank
# random seed: 1674925064
# hill distance  75,  9  28, 57
#        75,  9       0      95 
#        28, 57      95       0 
players 2
rows 94
cols 96
m .................................%%.............................................................
m ................................................................................................
m ..................................%%............................................................
m ................................%...............................................................
m ................................%...............................................................
m ................................................................................................
m ...................................%............................................................
m ...................................%............................................................
m ..........................................................................................%%....
m ..........................................................................%%...............%%...
m ................................................................................................
m ................%%%..........%..................................................................
m ..................%..........%%.................................................................
m ............%%%%%...............................................................................
m ..............%%................................................................................
m ................................................................................................
m .......................................%%................%%..%%.................................
m .......................................%%................%...%%.................................
m ......................................%%%%...............%...%%.................................
m .............................................................%%.................................
m .............................................................%%.................................
m .....%..........................................................................................
m ..%.%%..........................................................................................
m .%%%....................................................................................%%%.....
m %%%%............................................................................................
m .%%.............................................................................................
m ..%................%%...........................................................%..............%
m %...%%%............%............................................................%%.%%..........%
m ..%%%.%%.................................................1..........................%...........
m ..%%................................................................................%%..........
m .%%%............................................................................................
m .%%.............................................................................................
m .%..............................................................................................
m ................................................................................................
m ................................................................................................
m ................................................................................%...............
m ................................................................................%...............
m .............................................................%%.................%%%%............
m ..............................................................%..................%%%............
m ...............................................................%................................
m ...............................................................%%...............................
m ................................................................................................
m ...............................................................................%................
m ..............................................................................%%................
m .............................................................................%%%................
m .............................................................................%%%..%.............
m ..............................................................................%%..%.............
m .................................................................................%%.............
m ................................................................................................
m ..................................................................................%%............
m ................................................................................%...............
m ................................................................................%...............
m ................................................................................................
m ...................................................................................%............
m ...................................................................................%............
m ..........................................%%....................................................
m ..........................%%...............%%...................................................
m ................................................................................................
m ................................................................%%%..........%..................
m ..................................................................%..........%%.................
m ............................................................%%%%%...............................
m ..............................................................%%................................
m ................................................................................................
m .........%%..%%........................................................................%%.......
m .........%...%%........................................................................%%.......
m .........%...%%.......................................................................%%%%......
m .............%%.................................................................................
m .............%%.................................................................................
m .....................................................%..........................................
m ..................................................%.%%..........................................
m ........................................%%%......%%%............................................
m ................................................%%%%............................................
m .................................................%%.............................................
m ................................%..............%..%................%%...........................
m ................................%%.%%..........%%...%%%............%............................
m .........0..........................%.............%%%.%%........................................
m ....................................%%............%%............................................
m .................................................%%%............................................
m .................................................%%.............................................
m .................................................%..............................................
m ................................................................................................
m ................................................................................................
m ................................%...............................................................
m ................................%...............................................................
m .............%%.................%%%%............................................................
m ..............%..................%%%............................................................
m ...............%................................................................................
m ...............%%...............................................................................
m ................................................................................................
m ...............................%................................................................
m ..............................%%................................................................
m .............................%%%................................................................
m .............................%%%..%.............................................................
m ..............................%%..%.............................................................
