rows 43
cols 39
players 2

m %%%%%...........%%%%%%%...........%%%%%
m %%%%%.............................%%%%%
m %%%%%.............................%%%%%
m %%%%%.............................%%%%%
m %%%%%.............................%%%%%
m %%%%%.............................%%%%%
m %%%%%.............................%%%%%
m %%%%%*.......*.....*.....*.......*%%%%%
m %%%%%.............................%%%%%
m %%%%%.............................%%%%%
m %%%%%.............................%%%%%
m %%%%%.............................%%%%%
m %%%%%.............................%%%%%
m %%%%%.............................%%%%%
m %%%%%............*.B.*............%%%%%
m %%%%%.............................%%%%%
m %%%%%..............*..............%%%%%
m %%%%%.............................%%%%%
m %%%%%.............................%%%%%
m %%%%%............%...%............%%%%%
m %%%%%.............%%%.............%%%%%
m %%%%%*...........................*%%%%%
m %%%%%.............%%%.............%%%%%
m %%%%%............%...%............%%%%%
m %%%%%.............................%%%%%
m %%%%%.............................%%%%%
m %%%%%..............*..............%%%%%
m %%%%%.............................%%%%%
m %%%%%............*.A.*............%%%%%
m %%%%%.............................%%%%%
m %%%%%.............................%%%%%
m %%%%%.............................%%%%%
m %%%%%.............................%%%%%
m %%%%%.............................%%%%%
m %%%%%.............................%%%%%
m %%%%%*.......*.....*.....*.......*%%%%%
m %%%%%.............................%%%%%
m %%%%%.............................%%%%%
m %%%%%.............................%%%%%
m %%%%%.............................%%%%%
m %%%%%.............................%%%%%
m %%%%%.............................%%%%%
m %%%%%...........%%%%%%%...........%%%%%